// Jest Snapshot v1, https://goo.gl/fbAQLP

exports[`snapshots match 1`] = `
<button
  className="button   "
/>
`;

exports[`snapshots match 2`] = `
<button
  className="button   "
/>
`;

exports[`snapshots match 3`] = `
<button
  className="button   "
/>
`;

exports[`snapshots match 4`] = `
<button
  className="button   "
/>
`;
