// Jest Snapshot v1, https://goo.gl/fbAQLP

exports[`snapshots match 1`] = `
<div
  className="cartlist"
>
  <h2>
    List is empty!
  </h2>
  <ul />
</div>
`;

exports[`snapshots match 2`] = `
<div
  className="cartlist"
>
  <h2>
    List is empty!
  </h2>
  <ul />
</div>
`;

exports[`snapshots match 3`] = `
<div
  className="cartlist"
>
  <h2>
    List is empty!
  </h2>
  <ul />
</div>
`;

exports[`snapshots match 4`] = `
<div
  className="cartlist"
>
  <h2>
    List is empty!
  </h2>
  <ul />
</div>
`;

exports[`snapshots match 5`] = `
<div
  className="cartlist"
>
  <h2>
    List is empty!
  </h2>
  <ul />
</div>
`;
